// Jest Snapshot v1, https://goo.gl/fbAQLP

exports[`With Snapshot Testing App shows Hello world! 1`] = `
<div
  className="jsx-3133322288"
>
  <h1
    className="jsx-3133322288"
  >
    JS Standard Project
  </h1>
  <p
    className="jsx-3133322288"
  >
    Hello World!
  </p>
</div>
`;
